     1                                           ;文件说明：用户程序 
     2                                           ;创建日期：2020-10-30
     3                                  
     4                                  ;===============================================================================
     5                                  SECTION header vstart=0
     6                                  
     7 00000000 [00000000]                       program_length   dd program_end          ;程序总长度#0x00
     8 00000004 [00000000]                       entry_point      dd start                ;程序入口点#0x04
     9 00000008 [10000000]                       salt_position    dd salt                 ;SALT表起始偏移量#0x08
    10 0000000C 05000000                         salt_items       dd (header_end-salt)/256 ;SALT条目数#0x0C
    11                                  
    12                                  ;-------------------------------------------------------------------------------
    13                                           ;符号地址检索表
    14                                           salt:                                     ;#0x28
    15 00000010 405072696E74537472-              PrintString      db  '@PrintString'
    15 00000019 696E67             
    16 0000001C 00<rep F4h>                                  times 256-($-PrintString) db 0
    17                                  
    18 00000110 405465726D696E6174-              TerminateProgram db  '@TerminateProgram'
    18 00000119 6550726F6772616D   
    19 00000121 00<rep EFh>                                  times 256-($-TerminateProgram) db 0
    20                                  
    21 00000210 40526561644469736B-              ReadDiskData     db  '@ReadDiskData'
    21 00000219 44617461           
    22 0000021D 00<rep F3h>                                  times 256-($-ReadDiskData) db 0
    23                                  
    24 00000310 40496E69745461736B-              InitTaskSwitch   db  '@InitTaskSwitch'
    24 00000319 537769746368       
    25 0000031F 00<rep F1h>                                  times 256-($-InitTaskSwitch) db 0
    26                                  
    27 00000410 406D616C6C6F63                   malloc           db  '@malloc'
    28 00000417 00<rep F9h>                                  times 256-($-malloc) db 0
    29                                  header_end:
    30                                    
    31                                  ;===============================================================================
    32                                  SECTION data vfollows=header
    33                                  
    34 00000000 5B5553455220544153-              message_1        db  '[USER TASK]: CCCCCCCCCCCCCCCCCCCCCCC',0x0d,0x0a,0
    34 00000009 4B5D3A204343434343-
    34 00000012 434343434343434343-
    34 0000001B 434343434343434343-
    34 00000024 0D0A00             
    35                                  
    36 00000027 00<rep 5000h>                    reserved  times 4096*5 db 0             ;保留一个空白区，以演示分页
    37                                  
    38                                  data_end:
    39                                  
    40                                  ;===============================================================================
    41                                        [bits 32]
    42                                  ;===============================================================================
    43                                  SECTION code vfollows=data
    44                                  start:
    45 00000000 BB[00000000]                     mov ebx,message_1
    46 00000005 FF1D[10000000]                   call far [PrintString]
    47 0000000B EBF3                             jmp start
    48                                  
    49                                  code_end:
    50                                  
    51                                  ;-------------------------------------------------------------------------------
    52                                  SECTION trail
    53                                  ;-------------------------------------------------------------------------------
    54                                  program_end:
